// Jest Snapshot v1, https://goo.gl/fbAQLP

exports[`renders rockets component snapshot 1`] = `
<DocumentFragment>
  <section
    class="section-containers section-rockets profile__container"
  >
    <div>
      <h1>
        My Missions
      </h1>
      <div
        class="list-group"
      >
        <div
          class="fade alert alert-danger show"
          role="alert"
        >
          <div
            class="alert-heading h4"
          >
            Oh sorry! You've not joined any missions!
          </div>
        </div>
      </div>
    </div>
    <div>
      <h1>
        My Rockets
      </h1>
      <div
        class="list-group"
      >
        <div
          class="fade alert alert-danger show"
          role="alert"
        >
          <div
            class="alert-heading h4"
          >
            Oh sorry! You've not reserved any rocket!
          </div>
        </div>
      </div>
    </div>
  </section>
</DocumentFragment>
`;
