// Jest Snapshot v1, https://goo.gl/fbAQLP

exports[`Tests NavBar Component Should render NavBar Component 1`] = `
<header>
  <div>
    <img
      alt="Brand"
      className="brand-logo"
      src="brand.png"
    />
    <h1>
      Space Traveler's Hub
    </h1>
  </div>
  <nav>
    <ul>
      <li>
        <a
          aria-current="page"
          className="active"
          href="/"
          onClick={[Function]}
        >
           Rockets
        </a>
      </li>
      <li
        className="nav-cutter"
      >
        <a
          className=""
          href="/missions"
          onClick={[Function]}
        >
          Missions
        </a>
      </li>
      <li>
        <a
          className="my-profile"
          href="/profile"
          onClick={[Function]}
        >
          My profile
        </a>
      </li>
    </ul>
  </nav>
</header>
`;
